<!DOCTYPE html>
<html lang="en">
<head>
	<meta charset="utf-8">
	<title>Even Subbier HTML</title>
</head>
<body>
	<div class="content">
		<h1>Even Subbier Page Layout</h1>
		<hr>partial<hr>
		<p>even subbier demo text</p>
		<a href="../../default.html">back to overview</a>
	</div>
</body>
</html>
