<!DOCTYPE html>
<html lang="en">
<head>
	<meta charset="utf-8">
	<title>subproject2 page title</title>
</head>
<body>
	<div class="content">
		<h1>Main Page Layout</h1>
		<p>Hello Subproject2!</p>
		<hr>partial<hr>
		<p>subproject2 demo text</p>
		<a href="evensubbier/info.html">another subfolder</a>
		<a href="../default.html">back to overview</a>
	</div>
</body>
</html>
