<!DOCTYPE html>
<html lang="en">
<head>
	<meta charset="utf-8">
	<title>default page title</title>
</head>
<body>
	<div class="content">
		<h1>Main Page Layout</h1>
		<p>Hello There!</p>
		<p>main demo text</p>
		<ul>
			<li>
				<a href="subproject1/index.html">sub project one</a>
			</li>
			<li>
				<a href="subproject2/index.html">sub project two</a>
			</li>
		</ul>
	</div>
</body>
</html>
