<!DOCTYPE html>
<html lang="en">
<head>
	<title>subproject1 page title</title>
</head>
<body>
	<div class="content">
		<h3>Subproject1 Page Layout</h3>
		<p>Hello Subproject1!</p>
		<p>subproject1 demo text</p>
		<hr>partial<hr>
		<p>subtest test</p>
		<p>subtest2 test</p>
		<ul>
			<li>
				<a href="index.html">this.</a>
			</li>
			<li>
				<a href="../subproject2/index.html">sub-project 2.</a>
			</li>
			<li>
				<a href="../default.html">home page.</a>
			</li>
		</ul>
		<a href="../default.html">back to overview</a>
	</div>
</body>
</html>
